[kasta.io/index.html]
[www.kasta.io/wp-content/themes/kasta25/assets/images/favicon.png]
[backblue.gif]
[fade.gif]
[index.html]
[www.kasta.io/wp-includes/css/dist/block-library/style.min6dcf.css]
[www.kasta.io/wp-content/themes/kasta25/style6dcf.css]
[www.kasta.io/wp-content/themes/kasta25/print6dcf.css]
[www.kasta.io/wp-content/themes/kasta25/assets/js/index6dcf.js]
[www.kasta.io/wp-content/themes/kasta25/assets/images/homeheader.jpg]
[www.kasta.io/wp-content/themes/kasta25/assets/images/home-background-tablet.jpg]
[www.kasta.io/wp-content/themes/kasta25/assets/images/home-background-mobile.jpg]
[www.kasta.io/wp-content/themes/kasta25/assets/images/frame1.png]
[www.kasta.io/wp-content/themes/kasta25/assets/images/frame2.png]
[www.kasta.io/wp-content/themes/kasta25/assets/images/kasta-token.jpg]
[www.kasta.io/wp-content/themes/kasta25/assets/images/debit-card.jpg]
[www.kasta.io/wp-content/themes/kasta25/assets/images/buy-now-pay-later.jpg]
[www.kasta.io/wp-content/themes/kasta25/assets/images/yield.jpg]
[www.kasta.io/wp-content/themes/kasta25/assets/images/on-off-ramp.jpg]
[www.kasta.io/wp-content/themes/kasta25/assets/images/joinwaitinglist.jpg]
[www.kasta.io/wp-content/themes/kasta25/assets/images/carlroegind.jpg]
[www.kasta.io/wp-content/themes/kasta25/assets/images/sebastian.jpg]
[www.kasta.io/wp-content/themes/kasta25/assets/images/hans.jpg]
[www.kasta.io/wp-content/themes/kasta25/assets/images/ben-rogers.png]
[www.kasta.io/wp-content/themes/kasta25/assets/images/carl_runefelt.jpg]
[www.kasta.io/wp-content/themes/kasta25/assets/images/tmg.jpg]
[www.kasta.io/wp-content/themes/kasta25/assets/images/IvanOnTech.jpg]
[kasta.io/index.html]
[www.kasta.io/wp-includes/css/dist/block-library/style.min6dcf.css]
[kit.fontawesome.com/1e7406c104.js]
[www.kasta.io/wp-content/themes/kasta25/ucitypro-bold-webfont.woff2]
[www.kasta.io/wp-content/themes/kasta25/ucitypro-bold-webfont.woff]
[www.kasta.io/wp-content/themes/kasta25/ucitypro-regular-webfont.woff2]
[www.kasta.io/wp-content/themes/kasta25/ucitypro-regular-webfont.woff]
[www.kasta.io/wp-content/themes/kasta25/ppmonumentextended-black-webfont.woff2]
[www.kasta.io/wp-content/themes/kasta25/ppmonumentextended-black-webfont.woff]
[www.kasta.io/wp-content/themes/kasta25/style6dcf.css]
[www.kasta.io/wp-content/themes/kasta25/print6dcf.css]
[www.googletagmanager.com/gtm5445.html]
